[2023-10-16T06:56:45.610+0000][gc,heap] Heap region size: 1M
[2023-10-16T06:56:45.620+0000][gc     ] Using G1
[2023-10-16T06:56:45.621+0000][gc,heap,coops] Heap address: 0x00000000c0000000, size: 1024 MB, Compressed Oops mode: 32-bit
[2023-10-16T06:56:45.621+0000][gc,cds       ] Mark closed archive regions in map: [0x00000000ffc00000, 0x00000000ffc65ff8]
[2023-10-16T06:56:45.621+0000][gc,cds       ] Mark open archive regions in map: [0x00000000ff800000, 0x00000000ff842ff8]
[2023-10-16T06:56:47.404+0000][gc,start     ] GC(0) Pause Young (Normal) (G1 Evacuation Pause)
[2023-10-16T06:56:47.406+0000][gc,task      ] GC(0) Using 9 workers of 9 for evacuation
[2023-10-16T06:56:47.444+0000][gc,mmu       ] GC(0) MMU target violated: 21.0ms (20.0ms/21.0ms)
[2023-10-16T06:56:47.444+0000][gc,phases    ] GC(0)   Pre Evacuate Collection Set: 0.0ms
[2023-10-16T06:56:47.444+0000][gc,phases    ] GC(0)   Evacuate Collection Set: 35.8ms
[2023-10-16T06:56:47.444+0000][gc,phases    ] GC(0)   Post Evacuate Collection Set: 1.0ms
[2023-10-16T06:56:47.445+0000][gc,phases    ] GC(0)   Other: 2.8ms
[2023-10-16T06:56:47.445+0000][gc,heap      ] GC(0) Eden regions: 51->0(44)
[2023-10-16T06:56:47.445+0000][gc,heap      ] GC(0) Survivor regions: 0->7(7)
[2023-10-16T06:56:47.446+0000][gc,heap      ] GC(0) Old regions: 2->2
[2023-10-16T06:56:47.446+0000][gc,heap      ] GC(0) Humongous regions: 0->0
[2023-10-16T06:56:47.446+0000][gc,metaspace ] GC(0) Metaspace: 15008K->15008K(1062912K)
[2023-10-16T06:56:47.446+0000][gc           ] GC(0) Pause Young (Normal) (G1 Evacuation Pause) 51M->7M(1024M) 42.095ms
[2023-10-16T06:56:47.447+0000][gc,cpu       ] GC(0) User=0.10s Sys=0.01s Real=0.04s
[2023-10-16T06:56:47.765+0000][gc,start     ] GC(1) Pause Young (Concurrent Start) (Metadata GC Threshold)
[2023-10-16T06:56:47.765+0000][gc,task      ] GC(1) Using 9 workers of 9 for evacuation
[2023-10-16T06:56:47.797+0000][gc,mmu       ] GC(1) MMU target violated: 21.0ms (20.0ms/21.0ms)
[2023-10-16T06:56:47.802+0000][gc,phases    ] GC(1)   Pre Evacuate Collection Set: 0.2ms
[2023-10-16T06:56:47.807+0000][gc,phases    ] GC(1)   Evacuate Collection Set: 29.2ms
[2023-10-16T06:56:47.809+0000][gc,phases    ] GC(1)   Post Evacuate Collection Set: 2.3ms
[2023-10-16T06:56:47.810+0000][gc,phases    ] GC(1)   Other: 6.0ms
[2023-10-16T06:56:47.810+0000][gc,heap      ] GC(1) Eden regions: 22->0(49)
[2023-10-16T06:56:47.810+0000][gc,heap      ] GC(1) Survivor regions: 7->2(7)
[2023-10-16T06:56:47.810+0000][gc,heap      ] GC(1) Old regions: 2->9
[2023-10-16T06:56:47.810+0000][gc,heap      ] GC(1) Humongous regions: 0->0
[2023-10-16T06:56:47.811+0000][gc,metaspace ] GC(1) Metaspace: 20486K->20486K(1067008K)
[2023-10-16T06:56:47.812+0000][gc           ] GC(1) Pause Young (Concurrent Start) (Metadata GC Threshold) 29M->8M(1024M) 46.795ms
[2023-10-16T06:56:47.812+0000][gc,cpu       ] GC(1) User=0.04s Sys=0.01s Real=0.04s
[2023-10-16T06:56:47.813+0000][gc           ] GC(2) Concurrent Cycle
[2023-10-16T06:56:47.814+0000][gc,marking   ] GC(2) Concurrent Clear Claimed Marks
[2023-10-16T06:56:47.815+0000][gc,marking   ] GC(2) Concurrent Clear Claimed Marks 0.469ms
[2023-10-16T06:56:47.815+0000][gc,marking   ] GC(2) Concurrent Scan Root Regions
[2023-10-16T06:56:47.823+0000][gc,marking   ] GC(2) Concurrent Scan Root Regions 8.225ms
[2023-10-16T06:56:47.823+0000][gc,marking   ] GC(2) Concurrent Mark (2.218s)
[2023-10-16T06:56:47.823+0000][gc,marking   ] GC(2) Concurrent Mark From Roots
[2023-10-16T06:56:47.824+0000][gc,task      ] GC(2) Using 2 workers of 2 for marking
[2023-10-16T06:56:47.828+0000][gc,marking   ] GC(2) Concurrent Mark From Roots 4.555ms
[2023-10-16T06:56:47.828+0000][gc,marking   ] GC(2) Concurrent Preclean
[2023-10-16T06:56:47.829+0000][gc,marking   ] GC(2) Concurrent Preclean 0.253ms
[2023-10-16T06:56:47.829+0000][gc,marking   ] GC(2) Concurrent Mark (2.218s, 2.223s) 5.407ms
[2023-10-16T06:56:47.830+0000][gc,start     ] GC(2) Pause Remark
[2023-10-16T06:56:47.836+0000][gc,stringtable] GC(2) Cleaned string and symbol table, strings: 5098 processed, 0 removed, symbols: 49067 processed, 45 removed
[2023-10-16T06:56:47.837+0000][gc            ] GC(2) Pause Remark 9M->9M(1024M) 7.065ms
[2023-10-16T06:56:47.838+0000][gc,cpu        ] GC(2) User=0.02s Sys=0.00s Real=0.01s
[2023-10-16T06:56:47.842+0000][gc,marking    ] GC(2) Concurrent Rebuild Remembered Sets
[2023-10-16T06:56:47.844+0000][gc,marking    ] GC(2) Concurrent Rebuild Remembered Sets 2.384ms
[2023-10-16T06:56:47.845+0000][gc,start      ] GC(2) Pause Cleanup
[2023-10-16T06:56:47.845+0000][gc            ] GC(2) Pause Cleanup 9M->9M(1024M) 0.249ms
[2023-10-16T06:56:47.849+0000][gc,cpu        ] GC(2) User=0.00s Sys=0.00s Real=0.00s
[2023-10-16T06:56:47.850+0000][gc,marking    ] GC(2) Concurrent Cleanup for Next Mark
[2023-10-16T06:56:47.852+0000][gc,marking    ] GC(2) Concurrent Cleanup for Next Mark 2.334ms
[2023-10-16T06:56:47.853+0000][gc            ] GC(2) Concurrent Cycle 39.521ms
[2023-10-16T06:56:49.490+0000][gc,start      ] GC(3) Pause Young (Normal) (G1 Evacuation Pause)
[2023-10-16T06:56:49.490+0000][gc,task       ] GC(3) Using 9 workers of 9 for evacuation
[2023-10-16T06:56:49.498+0000][gc,phases     ] GC(3)   Pre Evacuate Collection Set: 0.1ms
[2023-10-16T06:56:49.499+0000][gc,phases     ] GC(3)   Evacuate Collection Set: 5.6ms
[2023-10-16T06:56:49.499+0000][gc,phases     ] GC(3)   Post Evacuate Collection Set: 1.9ms
[2023-10-16T06:56:49.499+0000][gc,phases     ] GC(3)   Other: 0.7ms
[2023-10-16T06:56:49.502+0000][gc,heap       ] GC(3) Eden regions: 49->0(46)
[2023-10-16T06:56:49.503+0000][gc,heap       ] GC(3) Survivor regions: 2->5(7)
[2023-10-16T06:56:49.503+0000][gc,heap       ] GC(3) Old regions: 9->9
[2023-10-16T06:56:49.503+0000][gc,heap       ] GC(3) Humongous regions: 129->129
[2023-10-16T06:56:49.503+0000][gc,metaspace  ] GC(3) Metaspace: 28644K->28644K(1075200K)
[2023-10-16T06:56:49.503+0000][gc            ] GC(3) Pause Young (Normal) (G1 Evacuation Pause) 186M->140M(1024M) 13.367ms
[2023-10-16T06:56:49.503+0000][gc,cpu        ] GC(3) User=0.01s Sys=0.00s Real=0.02s
[2023-10-16T06:56:49.841+0000][gc,start      ] GC(4) Pause Young (Concurrent Start) (Metadata GC Threshold)
[2023-10-16T06:56:49.841+0000][gc,task       ] GC(4) Using 9 workers of 9 for evacuation
[2023-10-16T06:56:49.851+0000][gc,phases     ] GC(4)   Pre Evacuate Collection Set: 0.2ms
[2023-10-16T06:56:49.852+0000][gc,phases     ] GC(4)   Evacuate Collection Set: 9.7ms
[2023-10-16T06:56:49.852+0000][gc,phases     ] GC(4)   Post Evacuate Collection Set: 0.4ms
[2023-10-16T06:56:49.852+0000][gc,phases     ] GC(4)   Other: 0.5ms
[2023-10-16T06:56:49.854+0000][gc,heap       ] GC(4) Eden regions: 28->0(45)
[2023-10-16T06:56:49.854+0000][gc,heap       ] GC(4) Survivor regions: 5->6(7)
[2023-10-16T06:56:49.854+0000][gc,heap       ] GC(4) Old regions: 9->10
[2023-10-16T06:56:49.854+0000][gc,heap       ] GC(4) Humongous regions: 129->129
[2023-10-16T06:56:49.854+0000][gc,metaspace  ] GC(4) Metaspace: 34347K->34347K(1081344K)
[2023-10-16T06:56:49.855+0000][gc            ] GC(4) Pause Young (Concurrent Start) (Metadata GC Threshold) 167M->142M(1024M) 14.012ms
[2023-10-16T06:56:49.855+0000][gc,cpu        ] GC(4) User=0.02s Sys=0.00s Real=0.02s
[2023-10-16T06:56:49.855+0000][gc            ] GC(5) Concurrent Cycle
[2023-10-16T06:56:49.856+0000][gc,marking    ] GC(5) Concurrent Clear Claimed Marks
[2023-10-16T06:56:49.856+0000][gc,marking    ] GC(5) Concurrent Clear Claimed Marks 0.230ms
[2023-10-16T06:56:49.856+0000][gc,marking    ] GC(5) Concurrent Scan Root Regions
[2023-10-16T06:56:49.859+0000][gc,marking    ] GC(5) Concurrent Scan Root Regions 2.634ms
[2023-10-16T06:56:49.859+0000][gc,marking    ] GC(5) Concurrent Mark (4.253s)
[2023-10-16T06:56:49.860+0000][gc,marking    ] GC(5) Concurrent Mark From Roots
[2023-10-16T06:56:49.861+0000][gc,task       ] GC(5) Using 2 workers of 2 for marking
[2023-10-16T06:56:49.867+0000][gc,marking    ] GC(5) Concurrent Mark From Roots 7.437ms
[2023-10-16T06:56:49.868+0000][gc,marking    ] GC(5) Concurrent Preclean
[2023-10-16T06:56:49.868+0000][gc,marking    ] GC(5) Concurrent Preclean 0.323ms
[2023-10-16T06:56:49.868+0000][gc,marking    ] GC(5) Concurrent Mark (4.253s, 4.262s) 8.896ms
[2023-10-16T06:56:49.875+0000][gc,start      ] GC(5) Pause Remark
[2023-10-16T06:56:49.879+0000][gc,stringtable] GC(5) Cleaned string and symbol table, strings: 10381 processed, 12 removed, symbols: 80582 processed, 30 removed
[2023-10-16T06:56:49.880+0000][gc            ] GC(5) Pause Remark 143M->143M(1024M) 4.256ms
[2023-10-16T06:56:49.880+0000][gc,cpu        ] GC(5) User=0.01s Sys=0.00s Real=0.00s
[2023-10-16T06:56:49.884+0000][gc,marking    ] GC(5) Concurrent Rebuild Remembered Sets
[2023-10-16T06:56:49.888+0000][gc,marking    ] GC(5) Concurrent Rebuild Remembered Sets 4.186ms
[2023-10-16T06:56:49.890+0000][gc,start      ] GC(5) Pause Cleanup
[2023-10-16T06:56:49.890+0000][gc            ] GC(5) Pause Cleanup 143M->143M(1024M) 0.395ms
[2023-10-16T06:56:49.890+0000][gc,cpu        ] GC(5) User=0.00s Sys=0.00s Real=0.00s
[2023-10-16T06:56:49.891+0000][gc,marking    ] GC(5) Concurrent Cleanup for Next Mark
[2023-10-16T06:56:49.896+0000][gc,marking    ] GC(5) Concurrent Cleanup for Next Mark 5.274ms
[2023-10-16T06:56:49.901+0000][gc            ] GC(5) Concurrent Cycle 45.886ms
[2023-10-16T07:00:00.119+0000][gc,heap,exit  ] Heap
[2023-10-16T07:00:00.119+0000][gc,heap,exit  ]  garbage-first heap   total 1048576K, used 188791K [0x00000000c0000000, 0x0000000100000000)
[2023-10-16T07:00:00.120+0000][gc,heap,exit  ]   region size 1024K, 43 young (44032K), 6 survivors (6144K)
[2023-10-16T07:00:00.120+0000][gc,heap,exit  ]  Metaspace       used 39089K, capacity 41335K, committed 41424K, reserved 1085440K
[2023-10-16T07:00:00.120+0000][gc,heap,exit  ]   class space    used 5130K, capacity 6232K, committed 6272K, reserved 1048576K
