[2023-10-16T06:40:05.933+0000][gc,heap] Heap region size: 1M
[2023-10-16T06:40:05.943+0000][gc     ] Using G1
[2023-10-16T06:40:05.943+0000][gc,heap,coops] Heap address: 0x00000000c0000000, size: 1024 MB, Compressed Oops mode: 32-bit
[2023-10-16T06:40:05.944+0000][gc,cds       ] Mark closed archive regions in map: [0x00000000ffc00000, 0x00000000ffc65ff8]
[2023-10-16T06:40:05.945+0000][gc,cds       ] Mark open archive regions in map: [0x00000000ff800000, 0x00000000ff842ff8]
[2023-10-16T06:40:08.109+0000][gc,start     ] GC(0) Pause Young (Normal) (G1 Evacuation Pause)
[2023-10-16T06:40:08.112+0000][gc,task      ] GC(0) Using 9 workers of 9 for evacuation
[2023-10-16T06:40:08.150+0000][gc,mmu       ] GC(0) MMU target violated: 21.0ms (20.0ms/21.0ms)
[2023-10-16T06:40:08.150+0000][gc,phases    ] GC(0)   Pre Evacuate Collection Set: 0.1ms
[2023-10-16T06:40:08.151+0000][gc,phases    ] GC(0)   Evacuate Collection Set: 36.6ms
[2023-10-16T06:40:08.151+0000][gc,phases    ] GC(0)   Post Evacuate Collection Set: 1.0ms
[2023-10-16T06:40:08.151+0000][gc,phases    ] GC(0)   Other: 3.6ms
[2023-10-16T06:40:08.151+0000][gc,heap      ] GC(0) Eden regions: 51->0(44)
[2023-10-16T06:40:08.151+0000][gc,heap      ] GC(0) Survivor regions: 0->7(7)
[2023-10-16T06:40:08.151+0000][gc,heap      ] GC(0) Old regions: 2->2
[2023-10-16T06:40:08.152+0000][gc,heap      ] GC(0) Humongous regions: 0->0
[2023-10-16T06:40:08.152+0000][gc,metaspace ] GC(0) Metaspace: 14898K->14898K(1062912K)
[2023-10-16T06:40:08.152+0000][gc           ] GC(0) Pause Young (Normal) (G1 Evacuation Pause) 51M->7M(1024M) 43.295ms
[2023-10-16T06:40:08.153+0000][gc,cpu       ] GC(0) User=0.09s Sys=0.01s Real=0.05s
[2023-10-16T06:40:08.771+0000][gc,start     ] GC(1) Pause Young (Concurrent Start) (Metadata GC Threshold)
[2023-10-16T06:40:08.772+0000][gc,task      ] GC(1) Using 9 workers of 9 for evacuation
[2023-10-16T06:40:08.781+0000][gc,phases    ] GC(1)   Pre Evacuate Collection Set: 0.1ms
[2023-10-16T06:40:08.781+0000][gc,phases    ] GC(1)   Evacuate Collection Set: 8.2ms
[2023-10-16T06:40:08.782+0000][gc,phases    ] GC(1)   Post Evacuate Collection Set: 0.4ms
[2023-10-16T06:40:08.783+0000][gc,phases    ] GC(1)   Other: 0.6ms
[2023-10-16T06:40:08.783+0000][gc,heap      ] GC(1) Eden regions: 24->0(49)
[2023-10-16T06:40:08.783+0000][gc,heap      ] GC(1) Survivor regions: 7->2(7)
[2023-10-16T06:40:08.783+0000][gc,heap      ] GC(1) Old regions: 2->9
[2023-10-16T06:40:08.784+0000][gc,heap      ] GC(1) Humongous regions: 0->0
[2023-10-16T06:40:08.784+0000][gc,metaspace ] GC(1) Metaspace: 20487K->20487K(1067008K)
[2023-10-16T06:40:08.784+0000][gc           ] GC(1) Pause Young (Concurrent Start) (Metadata GC Threshold) 30M->8M(1024M) 12.534ms
[2023-10-16T06:40:08.784+0000][gc,cpu       ] GC(1) User=0.02s Sys=0.00s Real=0.02s
[2023-10-16T06:40:08.785+0000][gc           ] GC(2) Concurrent Cycle
[2023-10-16T06:40:08.785+0000][gc,marking   ] GC(2) Concurrent Clear Claimed Marks
[2023-10-16T06:40:08.785+0000][gc,marking   ] GC(2) Concurrent Clear Claimed Marks 0.593ms
[2023-10-16T06:40:08.786+0000][gc,marking   ] GC(2) Concurrent Scan Root Regions
[2023-10-16T06:40:08.788+0000][gc,marking   ] GC(2) Concurrent Scan Root Regions 1.809ms
[2023-10-16T06:40:08.788+0000][gc,marking   ] GC(2) Concurrent Mark (2.858s)
[2023-10-16T06:40:08.788+0000][gc,marking   ] GC(2) Concurrent Mark From Roots
[2023-10-16T06:40:08.788+0000][gc,task      ] GC(2) Using 2 workers of 2 for marking
[2023-10-16T06:40:08.794+0000][gc,marking   ] GC(2) Concurrent Mark From Roots 6.133ms
[2023-10-16T06:40:08.795+0000][gc,marking   ] GC(2) Concurrent Preclean
[2023-10-16T06:40:08.796+0000][gc,marking   ] GC(2) Concurrent Preclean 0.489ms
[2023-10-16T06:40:08.796+0000][gc,marking   ] GC(2) Concurrent Mark (2.858s, 2.866s) 7.826ms
[2023-10-16T06:40:08.796+0000][gc,start     ] GC(2) Pause Remark
[2023-10-16T06:40:08.820+0000][gc,stringtable] GC(2) Cleaned string and symbol table, strings: 5158 processed, 0 removed, symbols: 49294 processed, 50 removed
[2023-10-16T06:40:08.823+0000][gc,mmu        ] GC(2) MMU target violated: 21.0ms (20.0ms/21.0ms)
[2023-10-16T06:40:08.824+0000][gc            ] GC(2) Pause Remark 8M->8M(1024M) 27.962ms
[2023-10-16T06:40:08.825+0000][gc,cpu        ] GC(2) User=0.04s Sys=0.00s Real=0.03s
[2023-10-16T06:40:08.825+0000][gc,marking    ] GC(2) Concurrent Rebuild Remembered Sets
[2023-10-16T06:40:08.827+0000][gc,marking    ] GC(2) Concurrent Rebuild Remembered Sets 2.374ms
[2023-10-16T06:40:08.828+0000][gc,start      ] GC(2) Pause Cleanup
[2023-10-16T06:40:08.829+0000][gc            ] GC(2) Pause Cleanup 8M->8M(1024M) 0.903ms
[2023-10-16T06:40:08.830+0000][gc,cpu        ] GC(2) User=0.01s Sys=0.00s Real=0.00s
[2023-10-16T06:40:08.836+0000][gc,marking    ] GC(2) Concurrent Cleanup for Next Mark
[2023-10-16T06:40:08.842+0000][gc,marking    ] GC(2) Concurrent Cleanup for Next Mark 6.349ms
[2023-10-16T06:40:08.843+0000][gc            ] GC(2) Concurrent Cycle 58.177ms
[2023-10-16T06:40:09.453+0000][gc,start      ] GC(3) Pause Young (Normal) (G1 Evacuation Pause)
[2023-10-16T06:40:09.454+0000][gc,task       ] GC(3) Using 9 workers of 9 for evacuation
[2023-10-16T06:40:09.460+0000][gc,phases     ] GC(3)   Pre Evacuate Collection Set: 0.0ms
[2023-10-16T06:40:09.461+0000][gc,phases     ] GC(3)   Evacuate Collection Set: 5.8ms
[2023-10-16T06:40:09.461+0000][gc,phases     ] GC(3)   Post Evacuate Collection Set: 0.3ms
[2023-10-16T06:40:09.461+0000][gc,phases     ] GC(3)   Other: 0.9ms
[2023-10-16T06:40:09.461+0000][gc,heap       ] GC(3) Eden regions: 49->0(46)
[2023-10-16T06:40:09.461+0000][gc,heap       ] GC(3) Survivor regions: 2->5(7)
[2023-10-16T06:40:09.462+0000][gc,heap       ] GC(3) Old regions: 9->9
[2023-10-16T06:40:09.462+0000][gc,heap       ] GC(3) Humongous regions: 129->129
[2023-10-16T06:40:09.462+0000][gc,metaspace  ] GC(3) Metaspace: 29563K->29563K(1077248K)
[2023-10-16T06:40:09.462+0000][gc            ] GC(3) Pause Young (Normal) (G1 Evacuation Pause) 186M->140M(1024M) 8.895ms
[2023-10-16T06:40:09.463+0000][gc,cpu        ] GC(3) User=0.01s Sys=0.00s Real=0.01s
[2023-10-16T06:40:09.794+0000][gc,start      ] GC(4) Pause Young (Concurrent Start) (Metadata GC Threshold)
[2023-10-16T06:40:09.794+0000][gc,task       ] GC(4) Using 9 workers of 9 for evacuation
[2023-10-16T06:40:09.820+0000][gc,mmu        ] GC(4) MMU target violated: 21.0ms (20.0ms/21.0ms)
[2023-10-16T06:40:09.821+0000][gc,phases     ] GC(4)   Pre Evacuate Collection Set: 0.3ms
[2023-10-16T06:40:09.821+0000][gc,phases     ] GC(4)   Evacuate Collection Set: 25.1ms
[2023-10-16T06:40:09.821+0000][gc,phases     ] GC(4)   Post Evacuate Collection Set: 0.4ms
[2023-10-16T06:40:09.821+0000][gc,phases     ] GC(4)   Other: 1.4ms
[2023-10-16T06:40:09.821+0000][gc,heap       ] GC(4) Eden regions: 23->0(49)
[2023-10-16T06:40:09.822+0000][gc,heap       ] GC(4) Survivor regions: 5->2(7)
[2023-10-16T06:40:09.822+0000][gc,heap       ] GC(4) Old regions: 9->13
[2023-10-16T06:40:09.822+0000][gc,heap       ] GC(4) Humongous regions: 129->129
[2023-10-16T06:40:09.823+0000][gc,metaspace  ] GC(4) Metaspace: 34320K->34320K(1081344K)
[2023-10-16T06:40:09.823+0000][gc            ] GC(4) Pause Young (Concurrent Start) (Metadata GC Threshold) 163M->142M(1024M) 29.224ms
[2023-10-16T06:40:09.823+0000][gc,cpu        ] GC(4) User=0.04s Sys=0.00s Real=0.03s
[2023-10-16T06:40:09.823+0000][gc            ] GC(5) Concurrent Cycle
[2023-10-16T06:40:09.824+0000][gc,marking    ] GC(5) Concurrent Clear Claimed Marks
[2023-10-16T06:40:09.824+0000][gc,marking    ] GC(5) Concurrent Clear Claimed Marks 0.317ms
[2023-10-16T06:40:09.824+0000][gc,marking    ] GC(5) Concurrent Scan Root Regions
[2023-10-16T06:40:09.825+0000][gc,marking    ] GC(5) Concurrent Scan Root Regions 1.229ms
[2023-10-16T06:40:09.826+0000][gc,marking    ] GC(5) Concurrent Mark (3.895s)
[2023-10-16T06:40:09.826+0000][gc,marking    ] GC(5) Concurrent Mark From Roots
[2023-10-16T06:40:09.826+0000][gc,task       ] GC(5) Using 2 workers of 2 for marking
[2023-10-16T06:40:09.832+0000][gc,marking    ] GC(5) Concurrent Mark From Roots 6.478ms
[2023-10-16T06:40:09.833+0000][gc,marking    ] GC(5) Concurrent Preclean
[2023-10-16T06:40:09.833+0000][gc,marking    ] GC(5) Concurrent Preclean 0.402ms
[2023-10-16T06:40:09.833+0000][gc,marking    ] GC(5) Concurrent Mark (3.895s, 3.903s) 7.660ms
[2023-10-16T06:40:09.833+0000][gc,start      ] GC(5) Pause Remark
[2023-10-16T06:40:09.836+0000][gc,stringtable] GC(5) Cleaned string and symbol table, strings: 10279 processed, 10 removed, symbols: 79716 processed, 26 removed
[2023-10-16T06:40:09.837+0000][gc            ] GC(5) Pause Remark 142M->142M(1024M) 3.047ms
[2023-10-16T06:40:09.837+0000][gc,cpu        ] GC(5) User=0.00s Sys=0.00s Real=0.00s
[2023-10-16T06:40:09.837+0000][gc,marking    ] GC(5) Concurrent Rebuild Remembered Sets
[2023-10-16T06:40:09.840+0000][gc,marking    ] GC(5) Concurrent Rebuild Remembered Sets 3.497ms
[2023-10-16T06:40:09.841+0000][gc,start      ] GC(5) Pause Cleanup
[2023-10-16T06:40:09.841+0000][gc            ] GC(5) Pause Cleanup 142M->142M(1024M) 0.333ms
[2023-10-16T06:40:09.841+0000][gc,cpu        ] GC(5) User=0.00s Sys=0.00s Real=0.00s
[2023-10-16T06:40:09.841+0000][gc,marking    ] GC(5) Concurrent Cleanup for Next Mark
[2023-10-16T06:40:09.845+0000][gc,marking    ] GC(5) Concurrent Cleanup for Next Mark 3.799ms
[2023-10-16T06:40:09.845+0000][gc            ] GC(5) Concurrent Cycle 22.191ms
[2023-10-16T06:52:56.065+0000][gc,start      ] GC(6) Pause Young (Normal) (G1 Evacuation Pause)
[2023-10-16T06:52:56.067+0000][gc,task       ] GC(6) Using 9 workers of 9 for evacuation
[2023-10-16T06:52:56.090+0000][gc,mmu        ] GC(6) MMU target violated: 21.0ms (20.0ms/21.0ms)
[2023-10-16T06:52:56.090+0000][gc,phases     ] GC(6)   Pre Evacuate Collection Set: 0.2ms
[2023-10-16T06:52:56.090+0000][gc,phases     ] GC(6)   Evacuate Collection Set: 20.4ms
[2023-10-16T06:52:56.090+0000][gc,phases     ] GC(6)   Post Evacuate Collection Set: 0.9ms
[2023-10-16T06:52:56.091+0000][gc,phases     ] GC(6)   Other: 3.7ms
[2023-10-16T06:52:56.091+0000][gc,heap       ] GC(6) Eden regions: 49->0(47)
[2023-10-16T06:52:56.091+0000][gc,heap       ] GC(6) Survivor regions: 2->4(7)
[2023-10-16T06:52:56.091+0000][gc,heap       ] GC(6) Old regions: 13->13
[2023-10-16T06:52:56.091+0000][gc,heap       ] GC(6) Humongous regions: 129->129
[2023-10-16T06:52:56.091+0000][gc,metaspace  ] GC(6) Metaspace: 40543K->40543K(1085440K)
[2023-10-16T06:52:56.091+0000][gc            ] GC(6) Pause Young (Normal) (G1 Evacuation Pause) 191M->144M(1024M) 26.292ms
[2023-10-16T06:52:56.092+0000][gc,cpu        ] GC(6) User=0.08s Sys=0.01s Real=0.02s
[2023-10-16T06:53:32.298+0000][gc,heap,exit  ] Heap
[2023-10-16T06:53:32.298+0000][gc,heap,exit  ]  garbage-first heap   total 1048576K, used 160227K [0x00000000c0000000, 0x0000000100000000)
[2023-10-16T06:53:32.299+0000][gc,heap,exit  ]   region size 1024K, 17 young (17408K), 4 survivors (4096K)
[2023-10-16T06:53:32.299+0000][gc,heap,exit  ]  Metaspace       used 41584K, capacity 44290K, committed 44592K, reserved 1087488K
[2023-10-16T06:53:32.299+0000][gc,heap,exit  ]   class space    used 5621K, capacity 6958K, committed 7040K, reserved 1048576K
