[2023-10-16T06:53:53.139+0000][gc,heap] Heap region size: 1M
[2023-10-16T06:53:53.149+0000][gc     ] Using G1
[2023-10-16T06:53:53.151+0000][gc,heap,coops] Heap address: 0x00000000c0000000, size: 1024 MB, Compressed Oops mode: 32-bit
[2023-10-16T06:53:53.152+0000][gc,cds       ] Mark closed archive regions in map: [0x00000000ffc00000, 0x00000000ffc65ff8]
[2023-10-16T06:53:53.152+0000][gc,cds       ] Mark open archive regions in map: [0x00000000ff800000, 0x00000000ff842ff8]
[2023-10-16T06:53:56.942+0000][gc,start     ] GC(0) Pause Young (Normal) (G1 Evacuation Pause)
[2023-10-16T06:53:56.943+0000][gc,task      ] GC(0) Using 9 workers of 9 for evacuation
[2023-10-16T06:53:56.966+0000][gc,mmu       ] GC(0) MMU target violated: 21.0ms (20.0ms/21.0ms)
[2023-10-16T06:53:56.966+0000][gc,phases    ] GC(0)   Pre Evacuate Collection Set: 0.0ms
[2023-10-16T06:53:56.966+0000][gc,phases    ] GC(0)   Evacuate Collection Set: 21.7ms
[2023-10-16T06:53:56.966+0000][gc,phases    ] GC(0)   Post Evacuate Collection Set: 0.5ms
[2023-10-16T06:53:56.966+0000][gc,phases    ] GC(0)   Other: 1.7ms
[2023-10-16T06:53:56.966+0000][gc,heap      ] GC(0) Eden regions: 51->0(44)
[2023-10-16T06:53:56.967+0000][gc,heap      ] GC(0) Survivor regions: 0->7(7)
[2023-10-16T06:53:56.967+0000][gc,heap      ] GC(0) Old regions: 2->2
[2023-10-16T06:53:56.967+0000][gc,heap      ] GC(0) Humongous regions: 0->0
[2023-10-16T06:53:56.967+0000][gc,metaspace ] GC(0) Metaspace: 15197K->15197K(1062912K)
[2023-10-16T06:53:56.967+0000][gc           ] GC(0) Pause Young (Normal) (G1 Evacuation Pause) 51M->7M(1024M) 24.635ms
[2023-10-16T06:53:56.967+0000][gc,cpu       ] GC(0) User=0.10s Sys=0.01s Real=0.03s
[2023-10-16T06:53:57.178+0000][gc,start     ] GC(1) Pause Young (Concurrent Start) (Metadata GC Threshold)
[2023-10-16T06:53:57.178+0000][gc,task      ] GC(1) Using 9 workers of 9 for evacuation
[2023-10-16T06:53:57.192+0000][gc,phases    ] GC(1)   Pre Evacuate Collection Set: 0.1ms
[2023-10-16T06:53:57.192+0000][gc,phases    ] GC(1)   Evacuate Collection Set: 13.0ms
[2023-10-16T06:53:57.193+0000][gc,phases    ] GC(1)   Post Evacuate Collection Set: 0.5ms
[2023-10-16T06:53:57.193+0000][gc,phases    ] GC(1)   Other: 0.6ms
[2023-10-16T06:53:57.193+0000][gc,heap      ] GC(1) Eden regions: 22->0(50)
[2023-10-16T06:53:57.193+0000][gc,heap      ] GC(1) Survivor regions: 7->1(7)
[2023-10-16T06:53:57.193+0000][gc,heap      ] GC(1) Old regions: 2->9
[2023-10-16T06:53:57.193+0000][gc,heap      ] GC(1) Humongous regions: 0->0
[2023-10-16T06:53:57.193+0000][gc,metaspace ] GC(1) Metaspace: 20472K->20472K(1067008K)
[2023-10-16T06:53:57.194+0000][gc           ] GC(1) Pause Young (Concurrent Start) (Metadata GC Threshold) 28M->7M(1024M) 15.479ms
[2023-10-16T06:53:57.194+0000][gc,cpu       ] GC(1) User=0.02s Sys=0.01s Real=0.02s
[2023-10-16T06:53:57.194+0000][gc           ] GC(2) Concurrent Cycle
[2023-10-16T06:53:57.194+0000][gc,marking   ] GC(2) Concurrent Clear Claimed Marks
[2023-10-16T06:53:57.196+0000][gc,marking   ] GC(2) Concurrent Clear Claimed Marks 1.857ms
[2023-10-16T06:53:57.196+0000][gc,marking   ] GC(2) Concurrent Scan Root Regions
[2023-10-16T06:53:57.197+0000][gc,marking   ] GC(2) Concurrent Scan Root Regions 0.807ms
[2023-10-16T06:53:57.197+0000][gc,marking   ] GC(2) Concurrent Mark (4.064s)
[2023-10-16T06:53:57.198+0000][gc,marking   ] GC(2) Concurrent Mark From Roots
[2023-10-16T06:53:57.198+0000][gc,task      ] GC(2) Using 2 workers of 2 for marking
[2023-10-16T06:53:57.202+0000][gc,marking   ] GC(2) Concurrent Mark From Roots 4.589ms
[2023-10-16T06:53:57.202+0000][gc,marking   ] GC(2) Concurrent Preclean
[2023-10-16T06:53:57.203+0000][gc,marking   ] GC(2) Concurrent Preclean 0.450ms
[2023-10-16T06:53:57.204+0000][gc,marking   ] GC(2) Concurrent Mark (4.064s, 4.070s) 6.937ms
[2023-10-16T06:53:57.205+0000][gc,start     ] GC(2) Pause Remark
[2023-10-16T06:53:57.215+0000][gc,stringtable] GC(2) Cleaned string and symbol table, strings: 5091 processed, 0 removed, symbols: 49049 processed, 45 removed
[2023-10-16T06:53:57.216+0000][gc            ] GC(2) Pause Remark 8M->8M(1024M) 11.290ms
[2023-10-16T06:53:57.216+0000][gc,cpu        ] GC(2) User=0.03s Sys=0.00s Real=0.01s
[2023-10-16T06:53:57.216+0000][gc,marking    ] GC(2) Concurrent Rebuild Remembered Sets
[2023-10-16T06:53:57.221+0000][gc,marking    ] GC(2) Concurrent Rebuild Remembered Sets 4.515ms
[2023-10-16T06:53:57.221+0000][gc,start      ] GC(2) Pause Cleanup
[2023-10-16T06:53:57.222+0000][gc            ] GC(2) Pause Cleanup 8M->8M(1024M) 0.430ms
[2023-10-16T06:53:57.222+0000][gc,cpu        ] GC(2) User=0.00s Sys=0.00s Real=0.00s
[2023-10-16T06:53:57.222+0000][gc,marking    ] GC(2) Concurrent Cleanup for Next Mark
[2023-10-16T06:53:57.225+0000][gc,marking    ] GC(2) Concurrent Cleanup for Next Mark 3.149ms
[2023-10-16T06:53:57.226+0000][gc            ] GC(2) Concurrent Cycle 31.565ms
[2023-10-16T06:53:58.336+0000][gc,start      ] GC(3) Pause Young (Normal) (G1 Evacuation Pause)
[2023-10-16T06:53:58.336+0000][gc,task       ] GC(3) Using 9 workers of 9 for evacuation
[2023-10-16T06:53:58.344+0000][gc,phases     ] GC(3)   Pre Evacuate Collection Set: 0.0ms
[2023-10-16T06:53:58.344+0000][gc,phases     ] GC(3)   Evacuate Collection Set: 6.8ms
[2023-10-16T06:53:58.344+0000][gc,phases     ] GC(3)   Post Evacuate Collection Set: 0.4ms
[2023-10-16T06:53:58.345+0000][gc,phases     ] GC(3)   Other: 1.0ms
[2023-10-16T06:53:58.345+0000][gc,heap       ] GC(3) Eden regions: 50->0(46)
[2023-10-16T06:53:58.345+0000][gc,heap       ] GC(3) Survivor regions: 1->5(7)
[2023-10-16T06:53:58.345+0000][gc,heap       ] GC(3) Old regions: 9->9
[2023-10-16T06:53:58.346+0000][gc,heap       ] GC(3) Humongous regions: 129->129
[2023-10-16T06:53:58.346+0000][gc,metaspace  ] GC(3) Metaspace: 28765K->28765K(1075200K)
[2023-10-16T06:53:58.346+0000][gc            ] GC(3) Pause Young (Normal) (G1 Evacuation Pause) 186M->140M(1024M) 10.415ms
[2023-10-16T06:53:58.346+0000][gc,cpu        ] GC(3) User=0.01s Sys=0.00s Real=0.01s
[2023-10-16T06:53:58.699+0000][gc,start      ] GC(4) Pause Young (Concurrent Start) (Metadata GC Threshold)
[2023-10-16T06:53:58.701+0000][gc,task       ] GC(4) Using 9 workers of 9 for evacuation
[2023-10-16T06:53:58.716+0000][gc,phases     ] GC(4)   Pre Evacuate Collection Set: 0.2ms
[2023-10-16T06:53:58.717+0000][gc,phases     ] GC(4)   Evacuate Collection Set: 13.8ms
[2023-10-16T06:53:58.717+0000][gc,phases     ] GC(4)   Post Evacuate Collection Set: 0.4ms
[2023-10-16T06:53:58.717+0000][gc,phases     ] GC(4)   Other: 3.1ms
[2023-10-16T06:53:58.717+0000][gc,heap       ] GC(4) Eden regions: 26->0(48)
[2023-10-16T06:53:58.717+0000][gc,heap       ] GC(4) Survivor regions: 5->3(7)
[2023-10-16T06:53:58.717+0000][gc,heap       ] GC(4) Old regions: 9->13
[2023-10-16T06:53:58.717+0000][gc,heap       ] GC(4) Humongous regions: 129->129
[2023-10-16T06:53:58.717+0000][gc,metaspace  ] GC(4) Metaspace: 34299K->34299K(1081344K)
[2023-10-16T06:53:58.717+0000][gc            ] GC(4) Pause Young (Concurrent Start) (Metadata GC Threshold) 166M->142M(1024M) 18.342ms
[2023-10-16T06:53:58.717+0000][gc,cpu        ] GC(4) User=0.03s Sys=0.00s Real=0.02s
[2023-10-16T06:53:58.718+0000][gc            ] GC(5) Concurrent Cycle
[2023-10-16T06:53:58.718+0000][gc,marking    ] GC(5) Concurrent Clear Claimed Marks
[2023-10-16T06:53:58.723+0000][gc,marking    ] GC(5) Concurrent Clear Claimed Marks 5.174ms
[2023-10-16T06:53:58.723+0000][gc,marking    ] GC(5) Concurrent Scan Root Regions
[2023-10-16T06:53:58.726+0000][gc,marking    ] GC(5) Concurrent Scan Root Regions 2.642ms
[2023-10-16T06:53:58.728+0000][gc,marking    ] GC(5) Concurrent Mark (5.594s)
[2023-10-16T06:53:58.729+0000][gc,marking    ] GC(5) Concurrent Mark From Roots
[2023-10-16T06:53:58.729+0000][gc,task       ] GC(5) Using 2 workers of 2 for marking
[2023-10-16T06:53:58.741+0000][gc,marking    ] GC(5) Concurrent Mark From Roots 11.458ms
[2023-10-16T06:53:58.742+0000][gc,marking    ] GC(5) Concurrent Preclean
[2023-10-16T06:53:58.743+0000][gc,marking    ] GC(5) Concurrent Preclean 0.713ms
[2023-10-16T06:53:58.746+0000][gc,marking    ] GC(5) Concurrent Mark (5.594s, 5.613s) 18.754ms
[2023-10-16T06:53:58.748+0000][gc,start      ] GC(5) Pause Remark
[2023-10-16T06:53:58.759+0000][gc,stringtable] GC(5) Cleaned string and symbol table, strings: 10385 processed, 12 removed, symbols: 80929 processed, 32 removed
[2023-10-16T06:53:58.760+0000][gc            ] GC(5) Pause Remark 144M->144M(1024M) 11.843ms
[2023-10-16T06:53:58.761+0000][gc,cpu        ] GC(5) User=0.01s Sys=0.00s Real=0.01s
[2023-10-16T06:53:58.761+0000][gc,marking    ] GC(5) Concurrent Rebuild Remembered Sets
[2023-10-16T06:53:58.777+0000][gc,marking    ] GC(5) Concurrent Rebuild Remembered Sets 16.214ms
[2023-10-16T06:53:58.779+0000][gc,start      ] GC(5) Pause Cleanup
[2023-10-16T06:53:58.780+0000][gc            ] GC(5) Pause Cleanup 145M->145M(1024M) 0.529ms
[2023-10-16T06:53:58.780+0000][gc,cpu        ] GC(5) User=0.00s Sys=0.00s Real=0.00s
[2023-10-16T06:53:58.781+0000][gc,marking    ] GC(5) Concurrent Cleanup for Next Mark
[2023-10-16T06:53:58.786+0000][gc,marking    ] GC(5) Concurrent Cleanup for Next Mark 5.091ms
[2023-10-16T06:53:58.786+0000][gc            ] GC(5) Concurrent Cycle 68.534ms
[2023-10-16T06:56:33.419+0000][gc,heap,exit  ] Heap
[2023-10-16T06:56:33.420+0000][gc,heap,exit  ]  garbage-first heap   total 1048576K, used 190957K [0x00000000c0000000, 0x0000000100000000)
[2023-10-16T06:56:33.420+0000][gc,heap,exit  ]   region size 1024K, 43 young (44032K), 3 survivors (3072K)
[2023-10-16T06:56:33.420+0000][gc,heap,exit  ]  Metaspace       used 39740K, capacity 42162K, committed 42448K, reserved 1085440K
[2023-10-16T06:56:33.420+0000][gc,heap,exit  ]   class space    used 5265K, capacity 6435K, committed 6528K, reserved 1048576K
