[2023-10-16T07:08:11.692+0000][gc,heap] Heap region size: 1M
[2023-10-16T07:08:11.703+0000][gc     ] Using G1
[2023-10-16T07:08:11.704+0000][gc,heap,coops] Heap address: 0x00000000c0000000, size: 1024 MB, Compressed Oops mode: 32-bit
[2023-10-16T07:08:11.705+0000][gc,cds       ] Mark closed archive regions in map: [0x00000000ffc00000, 0x00000000ffc65ff8]
[2023-10-16T07:08:11.705+0000][gc,cds       ] Mark open archive regions in map: [0x00000000ff800000, 0x00000000ff842ff8]
[2023-10-16T07:08:13.510+0000][gc,start     ] GC(0) Pause Young (Normal) (G1 Evacuation Pause)
[2023-10-16T07:08:13.511+0000][gc,task      ] GC(0) Using 9 workers of 9 for evacuation
[2023-10-16T07:08:13.530+0000][gc,phases    ] GC(0)   Pre Evacuate Collection Set: 0.0ms
[2023-10-16T07:08:13.531+0000][gc,phases    ] GC(0)   Evacuate Collection Set: 18.4ms
[2023-10-16T07:08:13.531+0000][gc,phases    ] GC(0)   Post Evacuate Collection Set: 0.5ms
[2023-10-16T07:08:13.531+0000][gc,phases    ] GC(0)   Other: 1.3ms
[2023-10-16T07:08:13.531+0000][gc,heap      ] GC(0) Eden regions: 51->0(44)
[2023-10-16T07:08:13.531+0000][gc,heap      ] GC(0) Survivor regions: 0->7(7)
[2023-10-16T07:08:13.531+0000][gc,heap      ] GC(0) Old regions: 2->2
[2023-10-16T07:08:13.531+0000][gc,heap      ] GC(0) Humongous regions: 0->0
[2023-10-16T07:08:13.531+0000][gc,metaspace ] GC(0) Metaspace: 15138K->15138K(1062912K)
[2023-10-16T07:08:13.531+0000][gc           ] GC(0) Pause Young (Normal) (G1 Evacuation Pause) 51M->7M(1024M) 21.118ms
[2023-10-16T07:08:13.531+0000][gc,cpu       ] GC(0) User=0.07s Sys=0.00s Real=0.02s
[2023-10-16T07:08:13.746+0000][gc,start     ] GC(1) Pause Young (Concurrent Start) (Metadata GC Threshold)
[2023-10-16T07:08:13.746+0000][gc,task      ] GC(1) Using 9 workers of 9 for evacuation
[2023-10-16T07:08:13.768+0000][gc,mmu       ] GC(1) MMU target violated: 21.0ms (20.0ms/21.0ms)
[2023-10-16T07:08:13.769+0000][gc,phases    ] GC(1)   Pre Evacuate Collection Set: 0.1ms
[2023-10-16T07:08:13.769+0000][gc,phases    ] GC(1)   Evacuate Collection Set: 21.0ms
[2023-10-16T07:08:13.769+0000][gc,phases    ] GC(1)   Post Evacuate Collection Set: 0.7ms
[2023-10-16T07:08:13.769+0000][gc,phases    ] GC(1)   Other: 1.3ms
[2023-10-16T07:08:13.770+0000][gc,heap      ] GC(1) Eden regions: 22->0(49)
[2023-10-16T07:08:13.770+0000][gc,heap      ] GC(1) Survivor regions: 7->2(7)
[2023-10-16T07:08:13.770+0000][gc,heap      ] GC(1) Old regions: 2->9
[2023-10-16T07:08:13.770+0000][gc,heap      ] GC(1) Humongous regions: 0->0
[2023-10-16T07:08:13.770+0000][gc,metaspace ] GC(1) Metaspace: 20483K->20483K(1067008K)
[2023-10-16T07:08:13.770+0000][gc           ] GC(1) Pause Young (Concurrent Start) (Metadata GC Threshold) 28M->8M(1024M) 24.505ms
[2023-10-16T07:08:13.771+0000][gc,cpu       ] GC(1) User=0.04s Sys=0.01s Real=0.02s
[2023-10-16T07:08:13.772+0000][gc           ] GC(2) Concurrent Cycle
[2023-10-16T07:08:13.772+0000][gc,marking   ] GC(2) Concurrent Clear Claimed Marks
[2023-10-16T07:08:13.772+0000][gc,marking   ] GC(2) Concurrent Clear Claimed Marks 0.172ms
[2023-10-16T07:08:13.772+0000][gc,marking   ] GC(2) Concurrent Scan Root Regions
[2023-10-16T07:08:13.774+0000][gc,marking   ] GC(2) Concurrent Scan Root Regions 1.553ms
[2023-10-16T07:08:13.781+0000][gc,marking   ] GC(2) Concurrent Mark (2.093s)
[2023-10-16T07:08:13.781+0000][gc,marking   ] GC(2) Concurrent Mark From Roots
[2023-10-16T07:08:13.782+0000][gc,task      ] GC(2) Using 2 workers of 2 for marking
[2023-10-16T07:08:13.788+0000][gc,marking   ] GC(2) Concurrent Mark From Roots 7.259ms
[2023-10-16T07:08:13.789+0000][gc,marking   ] GC(2) Concurrent Preclean
[2023-10-16T07:08:13.789+0000][gc,marking   ] GC(2) Concurrent Preclean 0.561ms
[2023-10-16T07:08:13.790+0000][gc,marking   ] GC(2) Concurrent Mark (2.093s, 2.102s) 9.230ms
[2023-10-16T07:08:13.792+0000][gc,start     ] GC(2) Pause Remark
[2023-10-16T07:08:13.810+0000][gc,stringtable] GC(2) Cleaned string and symbol table, strings: 5094 processed, 0 removed, symbols: 49069 processed, 46 removed
[2023-10-16T07:08:13.810+0000][gc            ] GC(2) Pause Remark 8M->8M(1024M) 17.965ms
[2023-10-16T07:08:13.811+0000][gc,cpu        ] GC(2) User=0.03s Sys=0.00s Real=0.02s
[2023-10-16T07:08:13.813+0000][gc,marking    ] GC(2) Concurrent Rebuild Remembered Sets
[2023-10-16T07:08:13.815+0000][gc,marking    ] GC(2) Concurrent Rebuild Remembered Sets 1.987ms
[2023-10-16T07:08:13.818+0000][gc,start      ] GC(2) Pause Cleanup
[2023-10-16T07:08:13.819+0000][gc            ] GC(2) Pause Cleanup 9M->9M(1024M) 0.428ms
[2023-10-16T07:08:13.819+0000][gc,cpu        ] GC(2) User=0.00s Sys=0.00s Real=0.00s
[2023-10-16T07:08:13.819+0000][gc,marking    ] GC(2) Concurrent Cleanup for Next Mark
[2023-10-16T07:08:13.823+0000][gc,marking    ] GC(2) Concurrent Cleanup for Next Mark 3.546ms
[2023-10-16T07:08:13.824+0000][gc            ] GC(2) Concurrent Cycle 52.085ms
[2023-10-16T07:08:15.180+0000][gc,start      ] GC(3) Pause Young (Normal) (G1 Evacuation Pause)
[2023-10-16T07:08:15.181+0000][gc,task       ] GC(3) Using 9 workers of 9 for evacuation
[2023-10-16T07:08:15.201+0000][gc,phases     ] GC(3)   Pre Evacuate Collection Set: 0.1ms
[2023-10-16T07:08:15.201+0000][gc,phases     ] GC(3)   Evacuate Collection Set: 18.5ms
[2023-10-16T07:08:15.202+0000][gc,phases     ] GC(3)   Post Evacuate Collection Set: 0.7ms
[2023-10-16T07:08:15.202+0000][gc,phases     ] GC(3)   Other: 1.8ms
[2023-10-16T07:08:15.202+0000][gc,heap       ] GC(3) Eden regions: 49->0(46)
[2023-10-16T07:08:15.202+0000][gc,heap       ] GC(3) Survivor regions: 2->5(7)
[2023-10-16T07:08:15.202+0000][gc,heap       ] GC(3) Old regions: 9->9
[2023-10-16T07:08:15.202+0000][gc,heap       ] GC(3) Humongous regions: 129->129
[2023-10-16T07:08:15.203+0000][gc,metaspace  ] GC(3) Metaspace: 28664K->28664K(1075200K)
[2023-10-16T07:08:15.203+0000][gc            ] GC(3) Pause Young (Normal) (G1 Evacuation Pause) 186M->140M(1024M) 23.000ms
[2023-10-16T07:08:15.203+0000][gc,cpu        ] GC(3) User=0.06s Sys=0.01s Real=0.02s
[2023-10-16T07:08:15.532+0000][gc,start      ] GC(4) Pause Young (Concurrent Start) (Metadata GC Threshold)
[2023-10-16T07:08:15.532+0000][gc,task       ] GC(4) Using 9 workers of 9 for evacuation
[2023-10-16T07:08:15.562+0000][gc,mmu        ] GC(4) MMU target violated: 21.0ms (20.0ms/21.0ms)
[2023-10-16T07:08:15.562+0000][gc,phases     ] GC(4)   Pre Evacuate Collection Set: 0.2ms
[2023-10-16T07:08:15.563+0000][gc,phases     ] GC(4)   Evacuate Collection Set: 25.1ms
[2023-10-16T07:08:15.563+0000][gc,phases     ] GC(4)   Post Evacuate Collection Set: 4.7ms
[2023-10-16T07:08:15.563+0000][gc,phases     ] GC(4)   Other: 1.0ms
[2023-10-16T07:08:15.563+0000][gc,heap       ] GC(4) Eden regions: 28->0(45)
[2023-10-16T07:08:15.564+0000][gc,heap       ] GC(4) Survivor regions: 5->6(7)
[2023-10-16T07:08:15.564+0000][gc,heap       ] GC(4) Old regions: 9->9
[2023-10-16T07:08:15.564+0000][gc,heap       ] GC(4) Humongous regions: 129->129
[2023-10-16T07:08:15.564+0000][gc,metaspace  ] GC(4) Metaspace: 34400K->34400K(1081344K)
[2023-10-16T07:08:15.564+0000][gc            ] GC(4) Pause Young (Concurrent Start) (Metadata GC Threshold) 167M->142M(1024M) 32.902ms
[2023-10-16T07:08:15.565+0000][gc,cpu        ] GC(4) User=0.03s Sys=0.00s Real=0.04s
[2023-10-16T07:08:15.565+0000][gc            ] GC(5) Concurrent Cycle
[2023-10-16T07:08:15.565+0000][gc,marking    ] GC(5) Concurrent Clear Claimed Marks
[2023-10-16T07:08:15.566+0000][gc,marking    ] GC(5) Concurrent Clear Claimed Marks 0.363ms
[2023-10-16T07:08:15.566+0000][gc,marking    ] GC(5) Concurrent Scan Root Regions
[2023-10-16T07:08:15.569+0000][gc,marking    ] GC(5) Concurrent Scan Root Regions 2.810ms
[2023-10-16T07:08:15.569+0000][gc,marking    ] GC(5) Concurrent Mark (3.881s)
[2023-10-16T07:08:15.569+0000][gc,marking    ] GC(5) Concurrent Mark From Roots
[2023-10-16T07:08:15.569+0000][gc,task       ] GC(5) Using 2 workers of 2 for marking
[2023-10-16T07:08:15.573+0000][gc,marking    ] GC(5) Concurrent Mark From Roots 4.375ms
[2023-10-16T07:08:15.578+0000][gc,marking    ] GC(5) Concurrent Preclean
[2023-10-16T07:08:15.579+0000][gc,marking    ] GC(5) Concurrent Preclean 0.450ms
[2023-10-16T07:08:15.579+0000][gc,marking    ] GC(5) Concurrent Mark (3.881s, 3.891s) 10.273ms
[2023-10-16T07:08:15.581+0000][gc,start      ] GC(5) Pause Remark
[2023-10-16T07:08:15.588+0000][gc,stringtable] GC(5) Cleaned string and symbol table, strings: 10374 processed, 12 removed, symbols: 80910 processed, 30 removed
[2023-10-16T07:08:15.588+0000][gc            ] GC(5) Pause Remark 143M->143M(1024M) 7.882ms
[2023-10-16T07:08:15.589+0000][gc,cpu        ] GC(5) User=0.02s Sys=0.00s Real=0.01s
[2023-10-16T07:08:15.592+0000][gc,marking    ] GC(5) Concurrent Rebuild Remembered Sets
[2023-10-16T07:08:15.600+0000][gc,marking    ] GC(5) Concurrent Rebuild Remembered Sets 7.700ms
[2023-10-16T07:08:15.603+0000][gc,start      ] GC(5) Pause Cleanup
[2023-10-16T07:08:15.604+0000][gc            ] GC(5) Pause Cleanup 143M->143M(1024M) 1.752ms
[2023-10-16T07:08:15.605+0000][gc,cpu        ] GC(5) User=0.00s Sys=0.00s Real=0.01s
[2023-10-16T07:08:15.606+0000][gc,marking    ] GC(5) Concurrent Cleanup for Next Mark
[2023-10-16T07:08:15.611+0000][gc,marking    ] GC(5) Concurrent Cleanup for Next Mark 5.247ms
[2023-10-16T07:08:15.611+0000][gc            ] GC(5) Concurrent Cycle 46.339ms
[2023-10-16T07:09:21.854+0000][gc,heap,exit  ] Heap
[2023-10-16T07:09:21.854+0000][gc,heap,exit  ]  garbage-first heap   total 1048576K, used 191914K [0x00000000c0000000, 0x0000000100000000)
[2023-10-16T07:09:21.855+0000][gc,heap,exit  ]   region size 1024K, 40 young (40960K), 6 survivors (6144K)
[2023-10-16T07:09:21.855+0000][gc,heap,exit  ]  Metaspace       used 38929K, capacity 41195K, committed 41424K, reserved 1085440K
[2023-10-16T07:09:21.855+0000][gc,heap,exit  ]   class space    used 5133K, capacity 6236K, committed 6272K, reserved 1048576K
