[2023-10-16T07:00:01.702+0000][gc,heap] Heap region size: 1M
[2023-10-16T07:00:01.712+0000][gc     ] Using G1
[2023-10-16T07:00:01.712+0000][gc,heap,coops] Heap address: 0x00000000c0000000, size: 1024 MB, Compressed Oops mode: 32-bit
[2023-10-16T07:00:01.712+0000][gc,cds       ] Mark closed archive regions in map: [0x00000000ffc00000, 0x00000000ffc65ff8]
[2023-10-16T07:00:01.713+0000][gc,cds       ] Mark open archive regions in map: [0x00000000ff800000, 0x00000000ff842ff8]
[2023-10-16T07:00:02.161+0000][gc,start     ] GC(0) Pause Young (Normal) (G1 Evacuation Pause)
[2023-10-16T07:00:02.162+0000][gc,task      ] GC(0) Using 9 workers of 9 for evacuation
[2023-10-16T07:00:02.171+0000][gc,phases    ] GC(0)   Pre Evacuate Collection Set: 0.0ms
[2023-10-16T07:00:02.172+0000][gc,phases    ] GC(0)   Evacuate Collection Set: 8.8ms
[2023-10-16T07:00:02.172+0000][gc,phases    ] GC(0)   Post Evacuate Collection Set: 0.5ms
[2023-10-16T07:00:02.172+0000][gc,phases    ] GC(0)   Other: 1.2ms
[2023-10-16T07:00:02.172+0000][gc,heap      ] GC(0) Eden regions: 51->0(44)
[2023-10-16T07:00:02.172+0000][gc,heap      ] GC(0) Survivor regions: 0->7(7)
[2023-10-16T07:00:02.172+0000][gc,heap      ] GC(0) Old regions: 2->2
[2023-10-16T07:00:02.172+0000][gc,heap      ] GC(0) Humongous regions: 0->0
[2023-10-16T07:00:02.173+0000][gc,metaspace ] GC(0) Metaspace: 14675K->14675K(1062912K)
[2023-10-16T07:00:02.173+0000][gc           ] GC(0) Pause Young (Normal) (G1 Evacuation Pause) 51M->6M(1024M) 11.797ms
[2023-10-16T07:00:02.173+0000][gc,cpu       ] GC(0) User=0.06s Sys=0.01s Real=0.01s
[2023-10-16T07:00:02.354+0000][gc,start     ] GC(1) Pause Young (Concurrent Start) (Metadata GC Threshold)
[2023-10-16T07:00:02.355+0000][gc,task      ] GC(1) Using 9 workers of 9 for evacuation
[2023-10-16T07:00:02.360+0000][gc,phases    ] GC(1)   Pre Evacuate Collection Set: 0.1ms
[2023-10-16T07:00:02.360+0000][gc,phases    ] GC(1)   Evacuate Collection Set: 4.6ms
[2023-10-16T07:00:02.360+0000][gc,phases    ] GC(1)   Post Evacuate Collection Set: 0.4ms
[2023-10-16T07:00:02.360+0000][gc,phases    ] GC(1)   Other: 0.5ms
[2023-10-16T07:00:02.360+0000][gc,heap      ] GC(1) Eden regions: 25->0(49)
[2023-10-16T07:00:02.360+0000][gc,heap      ] GC(1) Survivor regions: 7->2(7)
[2023-10-16T07:00:02.361+0000][gc,heap      ] GC(1) Old regions: 2->9
[2023-10-16T07:00:02.361+0000][gc,heap      ] GC(1) Humongous regions: 0->0
[2023-10-16T07:00:02.361+0000][gc,metaspace ] GC(1) Metaspace: 20516K->20516K(1067008K)
[2023-10-16T07:00:02.361+0000][gc           ] GC(1) Pause Young (Concurrent Start) (Metadata GC Threshold) 31M->8M(1024M) 6.668ms
[2023-10-16T07:00:02.361+0000][gc,cpu       ] GC(1) User=0.03s Sys=0.00s Real=0.01s
[2023-10-16T07:00:02.361+0000][gc           ] GC(2) Concurrent Cycle
[2023-10-16T07:00:02.361+0000][gc,marking   ] GC(2) Concurrent Clear Claimed Marks
[2023-10-16T07:00:02.362+0000][gc,marking   ] GC(2) Concurrent Clear Claimed Marks 0.143ms
[2023-10-16T07:00:02.362+0000][gc,marking   ] GC(2) Concurrent Scan Root Regions
[2023-10-16T07:00:02.362+0000][gc,marking   ] GC(2) Concurrent Scan Root Regions 0.704ms
[2023-10-16T07:00:02.363+0000][gc,marking   ] GC(2) Concurrent Mark (0.663s)
[2023-10-16T07:00:02.363+0000][gc,marking   ] GC(2) Concurrent Mark From Roots
[2023-10-16T07:00:02.363+0000][gc,task      ] GC(2) Using 2 workers of 2 for marking
[2023-10-16T07:00:02.365+0000][gc,marking   ] GC(2) Concurrent Mark From Roots 2.824ms
[2023-10-16T07:00:02.366+0000][gc,marking   ] GC(2) Concurrent Preclean
[2023-10-16T07:00:02.366+0000][gc,marking   ] GC(2) Concurrent Preclean 0.281ms
[2023-10-16T07:00:02.366+0000][gc,marking   ] GC(2) Concurrent Mark (0.663s, 0.667s) 3.616ms
[2023-10-16T07:00:02.366+0000][gc,start     ] GC(2) Pause Remark
[2023-10-16T07:00:02.372+0000][gc,stringtable] GC(2) Cleaned string and symbol table, strings: 5093 processed, 0 removed, symbols: 49056 processed, 46 removed
[2023-10-16T07:00:02.373+0000][gc            ] GC(2) Pause Remark 8M->8M(1024M) 6.370ms
[2023-10-16T07:00:02.373+0000][gc,cpu        ] GC(2) User=0.05s Sys=0.00s Real=0.01s
[2023-10-16T07:00:02.373+0000][gc,marking    ] GC(2) Concurrent Rebuild Remembered Sets
[2023-10-16T07:00:02.375+0000][gc,marking    ] GC(2) Concurrent Rebuild Remembered Sets 1.875ms
[2023-10-16T07:00:02.375+0000][gc,start      ] GC(2) Pause Cleanup
[2023-10-16T07:00:02.376+0000][gc            ] GC(2) Pause Cleanup 8M->8M(1024M) 0.349ms
[2023-10-16T07:00:02.376+0000][gc,cpu        ] GC(2) User=0.00s Sys=0.00s Real=0.00s
[2023-10-16T07:00:02.376+0000][gc,marking    ] GC(2) Concurrent Cleanup for Next Mark
[2023-10-16T07:00:02.378+0000][gc,marking    ] GC(2) Concurrent Cleanup for Next Mark 2.384ms
[2023-10-16T07:00:02.378+0000][gc            ] GC(2) Concurrent Cycle 17.178ms
[2023-10-16T07:00:02.988+0000][gc,start      ] GC(3) Pause Young (Normal) (G1 Evacuation Pause)
[2023-10-16T07:00:02.988+0000][gc,task       ] GC(3) Using 9 workers of 9 for evacuation
[2023-10-16T07:00:02.997+0000][gc,phases     ] GC(3)   Pre Evacuate Collection Set: 0.0ms
[2023-10-16T07:00:02.997+0000][gc,phases     ] GC(3)   Evacuate Collection Set: 8.3ms
[2023-10-16T07:00:02.997+0000][gc,phases     ] GC(3)   Post Evacuate Collection Set: 0.4ms
[2023-10-16T07:00:02.997+0000][gc,phases     ] GC(3)   Other: 0.4ms
[2023-10-16T07:00:02.997+0000][gc,heap       ] GC(3) Eden regions: 49->0(46)
[2023-10-16T07:00:02.997+0000][gc,heap       ] GC(3) Survivor regions: 2->5(7)
[2023-10-16T07:00:02.998+0000][gc,heap       ] GC(3) Old regions: 9->9
[2023-10-16T07:00:02.998+0000][gc,heap       ] GC(3) Humongous regions: 129->129
[2023-10-16T07:00:02.998+0000][gc,metaspace  ] GC(3) Metaspace: 28699K->28699K(1075200K)
[2023-10-16T07:00:02.998+0000][gc            ] GC(3) Pause Young (Normal) (G1 Evacuation Pause) 186M->140M(1024M) 10.230ms
[2023-10-16T07:00:02.998+0000][gc,cpu        ] GC(3) User=0.06s Sys=0.00s Real=0.01s
[2023-10-16T07:00:03.148+0000][gc,start      ] GC(4) Pause Young (Concurrent Start) (Metadata GC Threshold)
[2023-10-16T07:00:03.149+0000][gc,task       ] GC(4) Using 9 workers of 9 for evacuation
[2023-10-16T07:00:03.154+0000][gc,phases     ] GC(4)   Pre Evacuate Collection Set: 0.2ms
[2023-10-16T07:00:03.154+0000][gc,phases     ] GC(4)   Evacuate Collection Set: 4.5ms
[2023-10-16T07:00:03.154+0000][gc,phases     ] GC(4)   Post Evacuate Collection Set: 0.3ms
[2023-10-16T07:00:03.154+0000][gc,phases     ] GC(4)   Other: 0.5ms
[2023-10-16T07:00:03.154+0000][gc,heap       ] GC(4) Eden regions: 28->0(48)
[2023-10-16T07:00:03.155+0000][gc,heap       ] GC(4) Survivor regions: 5->3(7)
[2023-10-16T07:00:03.155+0000][gc,heap       ] GC(4) Old regions: 9->13
[2023-10-16T07:00:03.155+0000][gc,heap       ] GC(4) Humongous regions: 129->129
[2023-10-16T07:00:03.155+0000][gc,metaspace  ] GC(4) Metaspace: 34319K->34319K(1081344K)
[2023-10-16T07:00:03.155+0000][gc            ] GC(4) Pause Young (Concurrent Start) (Metadata GC Threshold) 167M->142M(1024M) 6.544ms
[2023-10-16T07:00:03.155+0000][gc,cpu        ] GC(4) User=0.02s Sys=0.00s Real=0.01s
[2023-10-16T07:00:03.155+0000][gc            ] GC(5) Concurrent Cycle
[2023-10-16T07:00:03.155+0000][gc,marking    ] GC(5) Concurrent Clear Claimed Marks
[2023-10-16T07:00:03.156+0000][gc,marking    ] GC(5) Concurrent Clear Claimed Marks 0.186ms
[2023-10-16T07:00:03.156+0000][gc,marking    ] GC(5) Concurrent Scan Root Regions
[2023-10-16T07:00:03.156+0000][gc,marking    ] GC(5) Concurrent Scan Root Regions 0.728ms
[2023-10-16T07:00:03.157+0000][gc,marking    ] GC(5) Concurrent Mark (1.457s)
[2023-10-16T07:00:03.157+0000][gc,marking    ] GC(5) Concurrent Mark From Roots
[2023-10-16T07:00:03.157+0000][gc,task       ] GC(5) Using 2 workers of 2 for marking
[2023-10-16T07:00:03.163+0000][gc,marking    ] GC(5) Concurrent Mark From Roots 6.234ms
[2023-10-16T07:00:03.163+0000][gc,marking    ] GC(5) Concurrent Preclean
[2023-10-16T07:00:03.164+0000][gc,marking    ] GC(5) Concurrent Preclean 0.994ms
[2023-10-16T07:00:03.164+0000][gc,marking    ] GC(5) Concurrent Mark (1.457s, 1.465s) 7.737ms
[2023-10-16T07:00:03.165+0000][gc,start      ] GC(5) Pause Remark
[2023-10-16T07:00:03.166+0000][gc,stringtable] GC(5) Cleaned string and symbol table, strings: 10397 processed, 11 removed, symbols: 80933 processed, 29 removed
[2023-10-16T07:00:03.167+0000][gc            ] GC(5) Pause Remark 144M->144M(1024M) 1.995ms
[2023-10-16T07:00:03.167+0000][gc,cpu        ] GC(5) User=0.01s Sys=0.00s Real=0.00s
[2023-10-16T07:00:03.167+0000][gc,marking    ] GC(5) Concurrent Rebuild Remembered Sets
[2023-10-16T07:00:03.171+0000][gc,marking    ] GC(5) Concurrent Rebuild Remembered Sets 4.282ms
[2023-10-16T07:00:03.172+0000][gc,start      ] GC(5) Pause Cleanup
[2023-10-16T07:00:03.172+0000][gc            ] GC(5) Pause Cleanup 144M->144M(1024M) 0.309ms
[2023-10-16T07:00:03.172+0000][gc,cpu        ] GC(5) User=0.00s Sys=0.00s Real=0.00s
[2023-10-16T07:00:03.172+0000][gc,marking    ] GC(5) Concurrent Cleanup for Next Mark
[2023-10-16T07:00:03.175+0000][gc,marking    ] GC(5) Concurrent Cleanup for Next Mark 2.495ms
[2023-10-16T07:00:03.175+0000][gc            ] GC(5) Concurrent Cycle 19.543ms
[2023-10-16T07:03:00.634+0000][gc,start      ] GC(6) Pause Young (Normal) (G1 Evacuation Pause)
[2023-10-16T07:03:00.634+0000][gc,task       ] GC(6) Using 9 workers of 9 for evacuation
[2023-10-16T07:03:00.639+0000][gc,phases     ] GC(6)   Pre Evacuate Collection Set: 0.1ms
[2023-10-16T07:03:00.639+0000][gc,phases     ] GC(6)   Evacuate Collection Set: 3.6ms
[2023-10-16T07:03:00.639+0000][gc,phases     ] GC(6)   Post Evacuate Collection Set: 0.8ms
[2023-10-16T07:03:00.640+0000][gc,phases     ] GC(6)   Other: 1.0ms
[2023-10-16T07:03:00.640+0000][gc,heap       ] GC(6) Eden regions: 48->0(46)
[2023-10-16T07:03:00.640+0000][gc,heap       ] GC(6) Survivor regions: 3->5(7)
[2023-10-16T07:03:00.640+0000][gc,heap       ] GC(6) Old regions: 13->13
[2023-10-16T07:03:00.640+0000][gc,heap       ] GC(6) Humongous regions: 135->129
[2023-10-16T07:03:00.641+0000][gc,metaspace  ] GC(6) Metaspace: 41390K->41390K(1087488K)
[2023-10-16T07:03:00.641+0000][gc            ] GC(6) Pause Young (Normal) (G1 Evacuation Pause) 196M->144M(1024M) 7.189ms
[2023-10-16T07:03:00.641+0000][gc,cpu        ] GC(6) User=0.04s Sys=0.00s Real=0.01s
[2023-10-16T07:03:00.657+0000][gc,heap,exit  ] Heap
[2023-10-16T07:03:00.657+0000][gc,heap,exit  ]  garbage-first heap   total 1048576K, used 150159K [0x00000000c0000000, 0x0000000100000000)
[2023-10-16T07:03:00.658+0000][gc,heap,exit  ]   region size 1024K, 8 young (8192K), 5 survivors (5120K)
[2023-10-16T07:03:00.658+0000][gc,heap,exit  ]  Metaspace       used 41425K, capacity 44085K, committed 44368K, reserved 1087488K
[2023-10-16T07:03:00.658+0000][gc,heap,exit  ]   class space    used 5559K, capacity 6869K, committed 6912K, reserved 1048576K
